Script started on 2020-03-13 19:54:18-0600
Error processing line 1 of /home/franciscome/anaconda3/lib/python3.6/site-packages/matplotlib-3.1.3-py3.6-nspkg.pth:

  Traceback (most recent call last):
    File "/home/franciscome/anaconda3/lib/python3.6/site.py", line 168, in addpackage
      exec(line)
    File "<string>", line 1, in <module>
    File "<frozen importlib._bootstrap>", line 568, in module_from_spec
  AttributeError: 'NoneType' object has no attribute 'loader'

Remainder of file ignored
(base) ]0;franciscome@Envy: /media/franciscome/DATA/GitHub/A1_Temporal_Patterns[01;32mfranciscome@Envy[00m:[01;34m/media/franciscome/DATA/GitHub/A1_Temporal_Patterns[00m$ [H[2J(base) ]0;franciscome@Envy: /media/franciscome/DATA/GitHub/A1_Temporal_Patterns[01;32mfranciscome@Envy[00m:[01;34m/media/franciscome/DATA/GitHub/A1_Temporal_Patterns[00m$ ls
[0m[01;32mA1_Temporal_Patterns.log[0m  [34;42mdatos[0m  [01;32mdatos.py[0m  [01;32mfunciones.py[0m  [01;32mLICENSE[0m  [34;42mposter[0m  [01;32mprincipal.py[0m  [01;32mrandom_notes[0m  [01;32mREADME.md[0m  [01;32mvisualizaciones.py[0m
(base) ]0;franciscome@Envy: /media/franciscome/DATA/GitHub/A1_Temporal_Patterns[01;32mfranciscome@Envy[00m:[01;34m/media/franciscome/DATA/GitHub/A1_Temporal_Patterns[00m$ git status
On branch master
Your branch is up to date with 'origin/master'.

nothing to commit, working tree clean
(base) ]0;franciscome@Envy: /media/franciscome/DATA/GitHub/A1_Temporal_Patterns[01;32mfranciscome@Envy[00m:[01;34m/media/franciscome/DATA/GitHub/A1_Temporal_Patterns[00m$ [H[2J(base) ]0;franciscome@Envy: /media/franciscome/DATA/GitHub/A1_Temporal_Patterns[01;32mfranciscome@Envy[00m:[01;34m/media/franciscome/DATA/GitHub/A1_Temporal_Patterns[00m$ git status
On branch master
Your branch is up to date with 'origin/master'.

nothing to commit, working tree clean
(base) ]0;franciscome@Envy: /media/franciscome/DATA/GitHub/A1_Temporal_Patterns[01;32mfranciscome@Envy[00m:[01;34m/media/franciscome/DATA/GitHub/A1_Temporal_Patterns[00m$ git add --all
(base) ]0;franciscome@Envy: /media/franciscome/DATA/GitHub/A1_Temporal_Patterns[01;32mfranciscome@Envy[00m:[01;34m/media/franciscome/DATA/GitHub/A1_Temporal_Patterns[00m$ git commit -m "agregar archivo logs"
On branch master
Your branch is up to date with 'origin/master'.

nothing to commit, working tree clean
(base) ]0;franciscome@Envy: /media/franciscome/DATA/GitHub/A1_Temporal_Patterns[01;32mfranciscome@Envy[00m:[01;34m/media/franciscome/DATA/GitHub/A1_Temporal_Patterns[00m$ git push[K[K[K[K[K[K[K[Kls
[0m[01;32mA1_Temporal_Patterns.log[0m  [34;42mdatos[0m  [01;32mdatos.py[0m  [01;32mfunciones.py[0m  [01;32mLICENSE[0m  [34;42mposter[0m  [01;32mprincipal.py[0m  [01;32mrandom_notes[0m  [01;32mREADME.md[0m  [01;32mvisualizaciones.py[0m
(base) ]0;franciscome@Envy: /media/franciscome/DATA/GitHub/A1_Temporal_Patterns[01;32mfranciscome@Envy[00m:[01;34m/media/franciscome/DATA/GitHub/A1_Temporal_Patterns[00m$ lsgit commit -m "agregar archivo logs"add --all[K[3Pstatusls[Kssh ubuntu@148.201.129.217ls[Kgit statusadd --allcommit -m "agregar archivo logs"ls[K[Kscript A1_Tepo[K[K[K[K[K[K[K[K[K[K[K[K[K[Kgit add A1_Temporal_Patterns.log
The following paths are ignored by one of your .gitignore files:
A1_Temporal_Patterns.log
Use -f if you really want to add them.
(base) ]0;franciscome@Envy: /media/franciscome/DATA/GitHub/A1_Temporal_Patterns[01;32mfranciscome@Envy[00m:[01;34m/media/franciscome/DATA/GitHub/A1_Temporal_Patterns[00m$ git add A1_Temporal_Patterns.log -f
(base) ]0;franciscome@Envy: /media/franciscome/DATA/GitHub/A1_Temporal_Patterns[01;32mfranciscome@Envy[00m:[01;34m/media/franciscome/DATA/GitHub/A1_Temporal_Patterns[00m$ ls
[0m[01;32mA1_Temporal_Patterns.log[0m  [34;42mdatos[0m  